// Jest Snapshot v1, https://goo.gl/fbAQLP

exports[`Paragraph provider: should match snapshot 1`] = `ShallowWrapper {}`;
