// Jest Snapshot v1, https://goo.gl/fbAQLP

exports[`List provider: should match snapshot 1`] = `ShallowWrapper {}`;

exports[`List provider: should match snapshot 2`] = `ShallowWrapper {}`;
