// Jest Snapshot v1, https://goo.gl/fbAQLP

exports[`Header provider: should match snapshot 1`] = `ShallowWrapper {}`;

exports[`Header provider: should match snapshot 2`] = `ShallowWrapper {}`;

exports[`Header provider: should match snapshot 3`] = `ShallowWrapper {}`;

exports[`Header provider: should match snapshot 4`] = `ShallowWrapper {}`;

exports[`Header provider: should match snapshot 5`] = `ShallowWrapper {}`;

exports[`Header provider: should match snapshot 6`] = `ShallowWrapper {}`;
